#-----------------------------------------------------------
# Vivado v2024.2 (64-bit)
# SW Build 5239630 on Fri Nov 08 22:35:27 MST 2024
# IP Build 5239520 on Sun Nov 10 16:12:51 MST 2024
# SharedData Build 5239561 on Fri Nov 08 14:39:27 MST 2024
# Start of session at: Mon Jul  7 19:46:44 2025
# Process ID         : 7752
# Current directory  : C:/Users/sarun/Documents/RV32IM/RV32IM_Vivado/RV32IM_Vivado.runs/impl_1
# Command line       : vivado.exe -log Datapath.vdi -applog -product Vivado -messageDb vivado.pb -mode batch -source Datapath.tcl -notrace
# Log file           : C:/Users/sarun/Documents/RV32IM/RV32IM_Vivado/RV32IM_Vivado.runs/impl_1/Datapath.vdi
# Journal file       : C:/Users/sarun/Documents/RV32IM/RV32IM_Vivado/RV32IM_Vivado.runs/impl_1\vivado.jou
# Running On         : Arun_Windows
# Platform           : Windows Server 2016 or Windows 10
# Operating System   : 26100
# Processor Detail   : AMD Ryzen 5 5600X 6-Core Processor             
# CPU Frequency      : 3700 MHz
# CPU Physical cores : 6
# CPU Logical cores  : 12
# Host memory        : 34282 MB
# Swap memory        : 3087 MB
# Total Virtual      : 37369 MB
# Available Virtual  : 14052 MB
#-----------------------------------------------------------
source Datapath.tcl -notrace
